node.exe : $ jest "doc.service.spec" "--verbose"
At C:\Program Files\nodejs\pnpm.ps1:16 char:5
+     & "$basedir/node$exe"  "$basedir/node_modules/corepack/dist/pnpm. ...
+     ~~~~~~~~~~~~~~~~~~~~~~~~~~~~~~~~~~~~~~~~~~~~~~~~~~~~~~~~~~~~~~~~~
    + CategoryInfo          : NotSpecified: ($ jest "doc.service.spec" "--verbose":Stri 
   ng) [], RemoteException
    + FullyQualifiedErrorId : NativeCommandError
 
FAIL src/coa/doc.service.spec.ts
  DocService
    create
      ├ù should create a document with balanced debits and credits (8 ms)
      ├ù should throw BadRequestException for unbalanced document (17 ms)
      ├ù should accept balanced document within tolerance (0.001) (1 ms)
    update
      ├ù should update an existing document with balanced data (1 ms)
      ΓêÜ should throw NotFoundException for non-existent document (1 ms)
      ΓêÜ should throw BadRequestException for unbalanced update (6 ms)
    findOne
      ├ù should return a document with its details (3 ms)
      ΓêÜ should throw NotFoundException for non-existent document (2 ms)
    findAll
      ├ù should return documents list (1 ms)
      ├ù should apply date range filters (1 ms)
    remove
      ΓêÜ should soft delete a document and its details (1 ms)
      ΓêÜ should throw NotFoundException for non-existent document (1 ms)
    cancel
      ├ù should cancel document details (1 ms)
      ├ù should throw NotFoundException for non-existent document
    updateStatus
      ΓêÜ should update document status (1 ms)
      ΓêÜ should throw NotFoundException for non-existent document (1 ms)
    getDescriptions
      ├ù should return all descriptions (1 ms)
      ├ù should filter descriptions by type

  ΓùÅ DocService ΓÇ║ create ΓÇ║ should create a document with balanced debits and 
credits

    TypeError: Cannot read properties of undefined (reading 'id')

    [0m [90m 73 |[39m       [36mconst[39m details [33m=[39m 
(dto[33m.[39mdetails [33m||[39m [])[33m.[39mmap((detailDto) [33m=>[39m {
     [90m 74 |[39m         [36mconst[39m detail [33m=[39m [36mnew[39m 
[33mDocDetail[39m()[33m;[39m
    [31m[1m>[22m[39m[90m 75 |[39m         detail[33m.[39mmasterId [33m=[39m 
(savedMaster [36mas[39m [33mDocMaster[39m)[33m.[39mid[33m;[39m
     [90m    |[39m                                                      
[31m[1m^[22m[39m
     [90m 76 |[39m         detail[33m.[39mdocType [33m=[39m 
detailDto[33m.[39mdocType[33m;[39m
     [90m 77 |[39m         detail[33m.[39mcoaId [33m=[39m 
detailDto[33m.[39mcoaId[33m;[39m
     [90m 78 |[39m         detail[33m.[39mcoaId1 [33m=[39m 
detailDto[33m.[39mcoaId1 [0m

      at coa/doc.service.ts:75:54
          at Array.map (<anonymous>)
      at coa/doc.service.ts:73:43

  ΓùÅ DocService ΓÇ║ create ΓÇ║ should throw BadRequestException for unbalanced document

    expect(received).rejects.toThrow(expected)

    Expected substring: "┘à╪¼┘à┘ê╪╣ ╪¿╪»┘ç┌⌐╪º╪▒ ┘ê ╪¿╪│╪¬╪º┘å┌⌐╪º╪▒ ╪¿╪▒╪º╪¿╪▒ 
┘å█î╪│╪¬"
    Received message:   "╪│┘å╪» ┘å╪º┘à╪¬┘ê╪º╪▓┘å ╪º╪│╪¬. ╪¼┘à╪╣ ╪¿╪»┘ç┌⌐╪º╪▒: 1000╪î 
╪¼┘à╪╣ ╪¿╪│╪¬╪º┘å┌⌐╪º╪▒: 500"

        [0m [90m 39 |[39m
         [90m 40 |[39m     [36mif[39m ([33mMath[39m[33m.[39mabs(totalDebit 
[33m-[39m totalCredit) [33m>[39m [35m0.001[39m) {
        [31m[1m>[22m[39m[90m 41 |[39m       [36mthrow[39m [36mnew[39m 
[33mBadRequestException[39m(
         [90m    |[39m             [31m[1m^[22m[39m
         [90m 42 |[39m         [32m`╪│┘å╪» ┘å╪º┘à╪¬┘ê╪º╪▓┘å ╪º╪│╪¬. ╪¼┘à╪╣ 
╪¿╪»┘ç┌⌐╪º╪▒: ${totalDebit}╪î ╪¼┘à╪╣ ╪¿╪│╪¬╪º┘å┌⌐╪º╪▒: ${totalCredit}`[39m[33m,[39m
         [90m 43 |[39m       )[33m;[39m
         [90m 44 |[39m     }[0m

      at DocService.create (coa/doc.service.ts:41:13)
      at Object.<anonymous> (coa/doc.service.spec.ts:159:7)
      at Object.toThrow 
(../../../node_modules/.pnpm/expect@30.4.1/node_modules/expect/build/index.js:2155:20)
      at Object.<anonymous> (coa/doc.service.spec.ts:159:69)

  ΓùÅ DocService ΓÇ║ create ΓÇ║ should accept balanced document within tolerance (0.001)

    TypeError: Cannot read properties of undefined (reading 'id')

    [0m [90m 73 |[39m       [36mconst[39m details [33m=[39m 
(dto[33m.[39mdetails [33m||[39m [])[33m.[39mmap((detailDto) [33m=>[39m {
     [90m 74 |[39m         [36mconst[39m detail [33m=[39m [36mnew[39m 
[33mDocDetail[39m()[33m;[39m
    [31m[1m>[22m[39m[90m 75 |[39m         detail[33m.[39mmasterId [33m=[39m 
(savedMaster [36mas[39m [33mDocMaster[39m)[33m.[39mid[33m;[39m
     [90m    |[39m                                                      
[31m[1m^[22m[39m
     [90m 76 |[39m         detail[33m.[39mdocType [33m=[39m 
detailDto[33m.[39mdocType[33m;[39m
     [90m 77 |[39m         detail[33m.[39mcoaId [33m=[39m 
detailDto[33m.[39mcoaId[33m;[39m
     [90m 78 |[39m         detail[33m.[39mcoaId1 [33m=[39m 
detailDto[33m.[39mcoaId1 [0m

      at coa/doc.service.ts:75:54
          at Array.map (<anonymous>)
      at coa/doc.service.ts:73:43

  ΓùÅ DocService ΓÇ║ update ΓÇ║ should update an existing document with balanced data

    TypeError: Cannot read properties of undefined (reading 'id')

    [0m [90m 346 |[39m   )[33m:[39m [33mDocMasterWithDetailsDto[39m {
     [90m 347 |[39m     [36mreturn[39m {
    [31m[1m>[22m[39m[90m 348 |[39m       id[33m:[39m 
master[33m.[39mid[33m,[39m
     [90m     |[39m                  [31m[1m^[22m[39m
     [90m 349 |[39m       serial[33m:[39m master[33m.[39mserial[33m,[39m
     [90m 350 |[39m       date[33m:[39m master[33m.[39mdate[33m,[39m
     [90m 351 |[39m       tarikh[33m:[39m master[33m.[39mtarikh[33m,[39m[0m

      at DocService.toDto (coa/doc.service.ts:348:18)
      at coa/doc.service.ts:190:19
      at Object.<anonymous> (coa/doc.service.spec.ts:202:22)

  ΓùÅ DocService ΓÇ║ findOne ΓÇ║ should return a document with its details

    expect(jest.fn()).toHaveBeenCalledWith(...expected)

    - Expected
    + Received

      Object {
        "where": Object {
    +     "del": false,
          "id": 1,
        },
      },

    Number of calls: 1

    [0m [90m 259 |[39m
     [90m 260 |[39m       expect(mockDataSourceManager[33m.[39mgetDataSource)[33m.
[39mtoHaveBeenCalledWith(year)[33m;[39m
    [31m[1m>[22m[39m[90m 261 |[39m       
expect(mockMasterRepo[33m.[39mfindOne)[33m.[39mtoHaveBeenCalledWith({ 
where[33m:[39m { id[33m:[39m docId } })[33m;[39m
     [90m     |[39m                                      [31m[1m^[22m[39m
     [90m 262 |[39m       
expect(mockDetailRepo[33m.[39mfind)[33m.[39mtoHaveBeenCalledWith({ where[33m:[39m 
{ masterId[33m:[39m docId } })[33m;[39m
     [90m 263 |[39m       
expect(result)[33m.[39mtoHaveProperty([32m'id'[39m[33m,[39m docId)[33m;[39m
     [90m 264 |[39m       
expect(result[33m.[39mdetails)[33m.[39mtoHaveLength([35m2[39m)[33m;[39m[0m

      at Object.<anonymous> (coa/doc.service.spec.ts:261:38)

  ΓùÅ DocService ΓÇ║ findAll ΓÇ║ should return documents list

    TypeError: qb.getMany is not a function

    [0m [90m 248 |[39m     }
     [90m 249 |[39m
    [31m[1m>[22m[39m[90m 250 |[39m     [36mconst[39m masters [33m=[39m 
[36mawait[39m qb[33m.[39mgetMany()[33m;[39m
     [90m     |[39m                              [31m[1m^[22m[39m
     [90m 251 |[39m     [36mreturn[39m masters[33m.[39mmap((m) [33m=>[39m 
[36mthis[39m[33m.[39mtoMasterDto(m))[33m;[39m
     [90m 252 |[39m   }
     [90m 253 |[39m[0m

      at DocService.findAll (coa/doc.service.ts:250:30)
      at Object.<anonymous> (coa/doc.service.spec.ts:295:22)

  ΓùÅ DocService ΓÇ║ findAll ΓÇ║ should apply date range filters

    TypeError: qb.getMany is not a function

    [0m [90m 248 |[39m     }
     [90m 249 |[39m
    [31m[1m>[22m[39m[90m 250 |[39m     [36mconst[39m masters [33m=[39m 
[36mawait[39m qb[33m.[39mgetMany()[33m;[39m
     [90m     |[39m                              [31m[1m^[22m[39m
     [90m 251 |[39m     [36mreturn[39m masters[33m.[39mmap((m) [33m=>[39m 
[36mthis[39m[33m.[39mtoMasterDto(m))[33m;[39m
     [90m 252 |[39m   }
     [90m 253 |[39m[0m

      at DocService.findAll (coa/doc.service.ts:250:30)
      at Object.<anonymous> (coa/doc.service.spec.ts:307:7)

  ΓùÅ DocService ΓÇ║ cancel ΓÇ║ should cancel document details

    expect(jest.fn()).toHaveBeenCalledWith(...expected)

    Expected: {"where": {"id": 1}}

    Number of calls: 0

    [0m [90m 346 |[39m
     [90m 347 |[39m       expect(mockDataSourceManager[33m.[39mgetDataSource)[33m.
[39mtoHaveBeenCalledWith(year)[33m;[39m
    [31m[1m>[22m[39m[90m 348 |[39m       
expect(mockMasterRepo[33m.[39mfindOne)[33m.[39mtoHaveBeenCalledWith({ 
where[33m:[39m { id[33m:[39m docId } })[33m;[39m
     [90m     |[39m                                      [31m[1m^[22m[39m
     [90m 349 |[39m       
expect(mockDetailRepo[33m.[39mupdate)[33m.[39mtoHaveBeenCalledWith(
     [90m 350 |[39m         { masterId[33m:[39m docId }[33m,[39m
     [90m 351 |[39m         { cancel[33m:[39m [36mtrue[39m[33m,[39m 
cancelui[33m:[39m userId[33m,[39m canceldt[33m:[39m 
expect[33m.[39many([33mDate[39m) }[33m,[39m[0m

      at Object.<anonymous> (coa/doc.service.spec.ts:348:38)

  ΓùÅ DocService ΓÇ║ cancel ΓÇ║ should throw NotFoundException for non-existent document

    expect(received).rejects.toThrow()

    Received promise resolved instead of rejected
    Resolved to value: undefined

    [0m [90m 357 |[39m       
mockMasterRepo[33m.[39mfindOne[33m.[39mmockResolvedValue([36mnull[39m)[33m;[39m
     [90m 358 |[39m
    [31m[1m>[22m[39m[90m 359 |[39m       [36mawait[39m 
expect(service[33m.[39mcancel(year[33m,[39m [35m999[39m[33m,[39m [35m1[39m))[
33m.[39mrejects[33m.[39mtoThrow([33mNotFoundException[39m)[33m;[39m
     [90m     |[39m             [31m[1m^[22m[39m
     [90m 360 |[39m     })[33m;[39m
     [90m 361 |[39m   })[33m;[39m
     [90m 362 |[39m[0m

      at expect 
(../../../node_modules/.pnpm/expect@30.4.1/node_modules/expect/build/index.js:2116:15)
      at Object.<anonymous> (coa/doc.service.spec.ts:359:13)

  ΓùÅ DocService ΓÇ║ getDescriptions ΓÇ║ should return all descriptions

    TypeError: repo.createQueryBuilder is not a function

    [0m [90m 327 |[39m     [36mconst[39m repo [33m=[39m 
ds[33m.[39mgetRepository([33mDocDesc[39m)[33m;[39m
     [90m 328 |[39m
    [31m[1m>[22m[39m[90m 329 |[39m     [36mconst[39m qb [33m=[39m repo[33m.[
39mcreateQueryBuilder([32m'desc'[39m)[33m.[39mselect([32m'desc.docDesc'[39m)[33m;
[39m
     [90m     |[39m                     [31m[1m^[22m[39m
     [90m 330 |[39m
     [90m 331 |[39m     [36mif[39m (type) {
     [90m 332 |[39m       qb[33m.[39mwhere([32m'desc.type = :type'[39m[33m,[39m 
{ type })[33m;[39m[0m

      at DocService.getDescriptions (coa/doc.service.ts:329:21)
      at Object.<anonymous> (coa/doc.service.spec.ts:404:22)

  ΓùÅ DocService ΓÇ║ getDescriptions ΓÇ║ should filter descriptions by type

    TypeError: repo.createQueryBuilder is not a function

    [0m [90m 327 |[39m     [36mconst[39m repo [33m=[39m 
ds[33m.[39mgetRepository([33mDocDesc[39m)[33m;[39m
     [90m 328 |[39m
    [31m[1m>[22m[39m[90m 329 |[39m     [36mconst[39m qb [33m=[39m repo[33m.[
39mcreateQueryBuilder([32m'desc'[39m)[33m.[39mselect([32m'desc.docDesc'[39m)[33m;
[39m
     [90m     |[39m                     [31m[1m^[22m[39m
     [90m 330 |[39m
     [90m 331 |[39m     [36mif[39m (type) {
     [90m 332 |[39m       qb[33m.[39mwhere([32m'desc.type = :type'[39m[33m,[39m 
{ type })[33m;[39m[0m

      at DocService.getDescriptions (coa/doc.service.ts:329:21)
      at Object.<anonymous> (coa/doc.service.spec.ts:417:22)

Test Suites: 1 failed, 1 total
Tests:       11 failed, 7 passed, 18 total
Snapshots:   0 total
Time:        0.95 s, estimated 2 s
Ran all test suites matching doc.service.spec.
D:\Myplan\hesabyarehonar\apps\backend:
[ERR_PNPM_RECURSIVE_RUN_FIRST_FAIL] backend@0.0.1 test: `jest "doc.service.spec" "--verbose"`
Exit status 1
